[promo-theme.com/somo/coming-soon/index.html]
[backblue.gif]
[fade.gif]
[index.html]
[promo-theme.com/somo/wp-admin/css/color-picker.min03ec.css]
[promo-theme.com/somo/wp-includes/css/dist/block-library/style.min03ec.css]
[promo-theme.com/somo/wp-content/plugins/woocommerce/packages/woocommerce-blocks/build/style747d.css]
[promo-theme.com/somo/wp-content/plugins/contact-form-7/includes/css/stylesc6ac.css]
[promo-theme.com/somo/wp-content/plugins/js_composer/assets/lib/bower/font-awesome/css/font-awesome.min52c7.css]
[promo-theme.com/somo/wp-content/themes/somo/css/iconfont03ec.css]
[promo-theme.com/somo/wp-content/themes/somo/css/fontawesome.min03ec.css]
[promo-theme.com/somo/wp-content/themes/somo/style03ec.css]
[promo-theme.com/somo/wp-content/plugins/pt-somo-addons/assets/css/swiper268f.css]
[promo-theme.com/somo/wp-content/themes/somo/css/main03ec.css]
[promo-theme.com/somo/wp-content/themes/somo/css/woocommerce03ec.css]
[promo-theme.com/somo/wp-content/themes/somo/css/woocommerce-layout03ec.css]
[use.typekit.net/djm2xvx68b3.css]
[promo-theme.com/somo/wp-content/themes/somo/css/select203ec.css]
[promo-theme.com/somo/wp-content/plugins/pt-somo-addons/assets/css/photoswipe.css]
[promo-theme.com/somo/wp-content/plugins/pt-somo-addons/assets/css/pt-addons03ec.css]
[promo-theme.com/somo/wp-includes/js/jquery/jquery4a5f.js]
[promo-theme.com/somo/wp-includes/js/jquery/jquery-migrate.min330a.js]
[promo-theme.com/somo/wp-content/plugins/woocommerce/assets/js/jquery-blockui/jquery.blockUI.min44fd.js]
[promo-theme.com/somo/wp-content/plugins/woocommerce/assets/js/frontend/add-to-cart.min9e95.js]
[promo-theme.com/somo/wp-content/plugins/js_composer/assets/js/vendors/woocommerce-add-to-cart52c7.js]
[promo-theme.com/somo/wp-content/plugins/pt-somo-addons/assets/js/zilla-likes03ec.js]
[promo-theme.com/somo/wp-content/uploads/2019/11/cropped-favicon-70x70.png]
[promo-theme.com/somo/wp-content/uploads/2019/11/cropped-favicon-300x300.png]
[promo-theme.com/somo/wp-content/uploads/2019/11/logo-light.png]
[promo-theme.com/somo/wp-content/uploads/2019/11/logo-dark.png]
[promo-theme.com/somo/wp-content/uploads/2019/11/widget-img.jpg]
[promo-theme.com/somo/wp-content/uploads/2019/11/photo25-150x150.jpg]
[promo-theme.com/somo/wp-content/uploads/2019/11/photo26-150x150.jpg]
[promo-theme.com/somo/wp-content/uploads/2019/11/photo27-150x150.jpg]
[promo-theme.com/somo/wp-content/uploads/2019/11/photo28-150x150.jpg]
[promo-theme.com/somo/wp-content/uploads/2019/11/photo29-150x150.jpg]
[promo-theme.com/somo/wp-content/uploads/2019/11/photo22-150x150.jpg]
[promo-theme.com/somo/wp-content/uploads/2019/11/bg-comming-soon-scaled.jpg]
[promo-theme.com/somo/wp-content/plugins/contact-form-7/includes/js/scriptsc6ac.js]
[promo-theme.com/somo/wp-content/plugins/woocommerce/assets/js/js-cookie/js.cookie.min6b25.js]
[promo-theme.com/somo/wp-content/plugins/woocommerce/assets/js/frontend/woocommerce.min9e95.js]
[promo-theme.com/somo/wp-content/plugins/woocommerce/assets/js/frontend/cart-fragments.min9e95.js]
[promo-theme.com/somo/wp-content/themes/somo/js/magic-cursor8a54.js]
[promo-theme.com/somo/wp-content/plugins/pt-somo-addons/assets/js/isotope.pkgd.min7c45.js]
[promo-theme.com/somo/wp-content/plugins/pt-somo-addons/assets/js/jquery.scrollbar.min22c9.js]
[promo-theme.com/somo/wp-content/themes/somo/js/scripts.js]
[promo-theme.com/somo/wp-content/plugins/pt-somo-addons/assets/js/js_composer_front.min8a54.js]
[promo-theme.com/somo/wp-content/plugins/pt-somo-addons/assets/js/swiper.min268f.js]
[promo-theme.com/somo/wp-content/plugins/pt-somo-addons/assets/js/parallax.min.js]
[promo-theme.com/somo/wp-content/plugins/pt-somo-addons/assets/js/photoswipe.min0235.js]
[promo-theme.com/somo/wp-content/plugins/pt-somo-addons/assets/js/photoswipe-ui-default.min0235.js]
[promo-theme.com/somo/wp-includes/js/imagesloaded.min55a0.js]
[promo-theme.com/somo/wp-content/plugins/pt-somo-addons/assets/js/pt-scripts8a54.js]
[promo-theme.com/somo/wp-includes/js/wp-embed.min03ec.js]
[promo-theme.com/somo/wp-content/plugins/pt-somo-addons/assets/js/jquery.countdown5152.js]
[promo-theme.com/somo/coming-soon/index.html]
[promo-theme.com/somo/wp-admin/css/color-picker.min03ec.css]
[promo-theme.com/somo/wp-includes/css/dist/block-library/style.min03ec.css]
[promo-theme.com/somo/wp-content/plugins/woocommerce/packages/woocommerce-blocks/build/style747d.css]
[promo-theme.com/somo/wp-content/plugins/mailchimp-for-wp/assets/js/forms-api.min4906.js]
[promo-theme.com/somo/wp-content/plugins/contact-form-7/images/ajax-loader.gif]
[promo-theme.com/somo/wp-content/plugins/contact-form-7/includes/css/stylesc6ac.css]
[promo-theme.com/somo/wp-content/plugins/js_composer/assets/lib/bower/font-awesome/css/font-awesome.min52c7.css]
[promo-theme.com/somo/wp-content/themes/somo/css/iconfont03ec.css]
[promo-theme.com/somo/wp-content/themes/somo/css/fontawesome.min03ec.css]
[promo-theme.com/somo/wp-content/themes/somo/style03ec.css]
[promo-theme.com/somo/wp-content/plugins/pt-somo-addons/assets/css/swiper268f.css]
[promo-theme.com/somo/wp-content/themes/somo/images/select.png]
[promo-theme.com/somo/wp-content/themes/somo/css/main03ec.css]
[promo-theme.com/somo/wp-content/themes/somo/css/woocommerce03ec.css]
[promo-theme.com/somo/wp-content/themes/somo/css/woocommerce-layout03ec.css]
[promo-theme.com/somo/wp-content/themes/somo/css/select203ec.css]
[use.typekit.net/djm2xvx68b3.css]
[promo-theme.com/somo/wp-content/plugins/pt-somo-addons/assets/imgs/default-skin.png]
[promo-theme.com/somo/wp-content/plugins/pt-somo-addons/assets/imgs/preloader.gif]
[promo-theme.com/somo/wp-content/plugins/pt-somo-addons/assets/css/photoswipe.css]
[promo-theme.com/somo/wp-content/plugins/pt-somo-addons/assets/imgs/memphis/memphis1.png]
[promo-theme.com/somo/wp-content/plugins/pt-somo-addons/assets/imgs/memphis/memphis2.png]
[promo-theme.com/somo/wp-content/plugins/pt-somo-addons/assets/imgs/memphis/memphis3.png]
[promo-theme.com/somo/wp-content/plugins/pt-somo-addons/assets/imgs/memphis/memphis4.png]
[promo-theme.com/somo/wp-content/plugins/pt-somo-addons/assets/imgs/memphis/memphis5.png]
[promo-theme.com/somo/wp-content/plugins/pt-somo-addons/assets/imgs/memphis/memphis6.png]
[promo-theme.com/somo/wp-content/plugins/pt-somo-addons/assets/imgs/memphis/memphis7.png]
[promo-theme.com/somo/wp-content/plugins/pt-somo-addons/assets/imgs/memphis/memphis8.png]
[promo-theme.com/somo/wp-content/plugins/pt-somo-addons/assets/imgs/memphis/memphis9.png]
[promo-theme.com/somo/wp-content/plugins/pt-somo-addons/assets/imgs/screen-mask.png]
[promo-theme.com/somo/wp-content/plugins/pt-somo-addons/assets/imgs/phone.png]
[promo-theme.com/somo/wp-content/plugins/pt-somo-addons/assets/css/pt-addons03ec.css]
[p.typekit.net/p7ddd.css]
[promo-theme.com/somo/wp-content/plugins/pt-somo-addons/assets/imgs/preloader.html]
